// Jest Snapshot v1, https://goo.gl/fbAQLP

exports[`Templates/Home should render as expected 1`] = `
ShallowWrapper {
  Symbol(enzyme.__root__): [Circular],
  Symbol(enzyme.__unrendered__): <Home
    nowPlayingLoading={false}
    nowplaying={Array []}
    popular={
      Array [
        Object {
          "backdrop_path": "path/to/image",
          "genre_ids": Array [
            1,
          ],
          "id": 1,
          "overview": "overview",
          "poster_path": "path/to/image",
          "release_date": "01.01.2010",
          "title": "title",
          "vote_average": 1,
        },
        Object {
          "backdrop_path": "path/to/image",
          "genre_ids": Array [
            1,
          ],
          "id": 1,
          "overview": "overview",
          "poster_path": "path/to/image",
          "release_date": "01.01.2010",
          "title": "title",
          "vote_average": 1,
        },
        Object {
          "backdrop_path": "path/to/image",
          "genre_ids": Array [
            1,
          ],
          "id": 1,
          "overview": "overview",
          "poster_path": "path/to/image",
          "release_date": "01.01.2010",
          "title": "title",
          "vote_average": 1,
        },
        Object {
          "backdrop_path": "path/to/image",
          "genre_ids": Array [
            1,
          ],
          "id": 1,
          "overview": "overview",
          "poster_path": "path/to/image",
          "release_date": "01.01.2010",
          "title": "title",
          "vote_average": 1,
        },
        Object {
          "backdrop_path": "path/to/image",
          "genre_ids": Array [
            1,
          ],
          "id": 1,
          "overview": "overview",
          "poster_path": "path/to/image",
          "release_date": "01.01.2010",
          "title": "title",
          "vote_average": 1,
        },
        Object {
          "backdrop_path": "path/to/image",
          "genre_ids": Array [
            1,
          ],
          "id": 1,
          "overview": "overview",
          "poster_path": "path/to/image",
          "release_date": "01.01.2010",
          "title": "title",
          "vote_average": 1,
        },
        Object {
          "backdrop_path": "path/to/image",
          "genre_ids": Array [
            1,
          ],
          "id": 1,
          "overview": "overview",
          "poster_path": "path/to/image",
          "release_date": "01.01.2010",
          "title": "title",
          "vote_average": 1,
        },
        Object {
          "backdrop_path": "path/to/image",
          "genre_ids": Array [
            2,
          ],
          "id": 1,
          "overview": "overview",
          "poster_path": "path/to/image",
          "release_date": "01.01.2010",
          "title": "title",
          "vote_average": 1,
        },
      ]
    }
    popularLoading={false}
    upcoming={Array []}
    upcomingLoading={false}
  />,
  Symbol(enzyme.__renderer__): Object {
    "batchedUpdates": [Function],
    "checkPropTypes": [Function],
    "getNode": [Function],
    "render": [Function],
    "simulateError": [Function],
    "simulateEvent": [Function],
    "unmount": [Function],
  },
  Symbol(enzyme.__node__): Object {
    "instance": null,
    "key": undefined,
    "nodeType": "class",
    "props": Object {
      "children": Array [
        <TopRatedMovies
          filterTopMovies={[Function]}
          topMovies={
            Array [
              Object {
                "backdrop_path": "path/to/image",
                "genre_ids": Array [
                  1,
                ],
                "id": 1,
                "overview": "overview",
                "poster_path": "path/to/image",
                "release_date": "01.01.2010",
                "title": "title",
                "vote_average": 1,
              },
              Object {
                "backdrop_path": "path/to/image",
                "genre_ids": Array [
                  1,
                ],
                "id": 1,
                "overview": "overview",
                "poster_path": "path/to/image",
                "release_date": "01.01.2010",
                "title": "title",
                "vote_average": 1,
              },
              Object {
                "backdrop_path": "path/to/image",
                "genre_ids": Array [
                  1,
                ],
                "id": 1,
                "overview": "overview",
                "poster_path": "path/to/image",
                "release_date": "01.01.2010",
                "title": "title",
                "vote_average": 1,
              },
              Object {
                "backdrop_path": "path/to/image",
                "genre_ids": Array [
                  1,
                ],
                "id": 1,
                "overview": "overview",
                "poster_path": "path/to/image",
                "release_date": "01.01.2010",
                "title": "title",
                "vote_average": 1,
              },
              Object {
                "backdrop_path": "path/to/image",
                "genre_ids": Array [
                  1,
                ],
                "id": 1,
                "overview": "overview",
                "poster_path": "path/to/image",
                "release_date": "01.01.2010",
                "title": "title",
                "vote_average": 1,
              },
            ]
          }
        />,
        <div
          className="top-lists-wrapper"
        >
          <HomeList
            list={Array []}
            title="In Theatres"
          />
          <HomeList
            list={Array []}
            title="Upcoming Movies"
          />
        </div>,
      ],
    },
    "ref": null,
    "rendered": Array [
      Object {
        "instance": null,
        "key": undefined,
        "nodeType": "class",
        "props": Object {
          "filterTopMovies": [Function],
          "topMovies": Array [
            Object {
              "backdrop_path": "path/to/image",
              "genre_ids": Array [
                1,
              ],
              "id": 1,
              "overview": "overview",
              "poster_path": "path/to/image",
              "release_date": "01.01.2010",
              "title": "title",
              "vote_average": 1,
            },
            Object {
              "backdrop_path": "path/to/image",
              "genre_ids": Array [
                1,
              ],
              "id": 1,
              "overview": "overview",
              "poster_path": "path/to/image",
              "release_date": "01.01.2010",
              "title": "title",
              "vote_average": 1,
            },
            Object {
              "backdrop_path": "path/to/image",
              "genre_ids": Array [
                1,
              ],
              "id": 1,
              "overview": "overview",
              "poster_path": "path/to/image",
              "release_date": "01.01.2010",
              "title": "title",
              "vote_average": 1,
            },
            Object {
              "backdrop_path": "path/to/image",
              "genre_ids": Array [
                1,
              ],
              "id": 1,
              "overview": "overview",
              "poster_path": "path/to/image",
              "release_date": "01.01.2010",
              "title": "title",
              "vote_average": 1,
            },
            Object {
              "backdrop_path": "path/to/image",
              "genre_ids": Array [
                1,
              ],
              "id": 1,
              "overview": "overview",
              "poster_path": "path/to/image",
              "release_date": "01.01.2010",
              "title": "title",
              "vote_average": 1,
            },
          ],
        },
        "ref": null,
        "rendered": null,
        "type": [Function],
      },
      Object {
        "instance": null,
        "key": undefined,
        "nodeType": "host",
        "props": Object {
          "children": Array [
            <HomeList
              list={Array []}
              title="In Theatres"
            />,
            <HomeList
              list={Array []}
              title="Upcoming Movies"
            />,
          ],
          "className": "top-lists-wrapper",
        },
        "ref": null,
        "rendered": Array [
          Object {
            "instance": null,
            "key": undefined,
            "nodeType": "function",
            "props": Object {
              "list": Array [],
              "title": "In Theatres",
            },
            "ref": null,
            "rendered": null,
            "type": [Function],
          },
          Object {
            "instance": null,
            "key": undefined,
            "nodeType": "function",
            "props": Object {
              "list": Array [],
              "title": "Upcoming Movies",
            },
            "ref": null,
            "rendered": null,
            "type": [Function],
          },
        ],
        "type": "div",
      },
    ],
    "type": [Function],
  },
  Symbol(enzyme.__nodes__): Array [
    Object {
      "instance": null,
      "key": undefined,
      "nodeType": "class",
      "props": Object {
        "children": Array [
          <TopRatedMovies
            filterTopMovies={[Function]}
            topMovies={
              Array [
                Object {
                  "backdrop_path": "path/to/image",
                  "genre_ids": Array [
                    1,
                  ],
                  "id": 1,
                  "overview": "overview",
                  "poster_path": "path/to/image",
                  "release_date": "01.01.2010",
                  "title": "title",
                  "vote_average": 1,
                },
                Object {
                  "backdrop_path": "path/to/image",
                  "genre_ids": Array [
                    1,
                  ],
                  "id": 1,
                  "overview": "overview",
                  "poster_path": "path/to/image",
                  "release_date": "01.01.2010",
                  "title": "title",
                  "vote_average": 1,
                },
                Object {
                  "backdrop_path": "path/to/image",
                  "genre_ids": Array [
                    1,
                  ],
                  "id": 1,
                  "overview": "overview",
                  "poster_path": "path/to/image",
                  "release_date": "01.01.2010",
                  "title": "title",
                  "vote_average": 1,
                },
                Object {
                  "backdrop_path": "path/to/image",
                  "genre_ids": Array [
                    1,
                  ],
                  "id": 1,
                  "overview": "overview",
                  "poster_path": "path/to/image",
                  "release_date": "01.01.2010",
                  "title": "title",
                  "vote_average": 1,
                },
                Object {
                  "backdrop_path": "path/to/image",
                  "genre_ids": Array [
                    1,
                  ],
                  "id": 1,
                  "overview": "overview",
                  "poster_path": "path/to/image",
                  "release_date": "01.01.2010",
                  "title": "title",
                  "vote_average": 1,
                },
              ]
            }
          />,
          <div
            className="top-lists-wrapper"
          >
            <HomeList
              list={Array []}
              title="In Theatres"
            />
            <HomeList
              list={Array []}
              title="Upcoming Movies"
            />
          </div>,
        ],
      },
      "ref": null,
      "rendered": Array [
        Object {
          "instance": null,
          "key": undefined,
          "nodeType": "class",
          "props": Object {
            "filterTopMovies": [Function],
            "topMovies": Array [
              Object {
                "backdrop_path": "path/to/image",
                "genre_ids": Array [
                  1,
                ],
                "id": 1,
                "overview": "overview",
                "poster_path": "path/to/image",
                "release_date": "01.01.2010",
                "title": "title",
                "vote_average": 1,
              },
              Object {
                "backdrop_path": "path/to/image",
                "genre_ids": Array [
                  1,
                ],
                "id": 1,
                "overview": "overview",
                "poster_path": "path/to/image",
                "release_date": "01.01.2010",
                "title": "title",
                "vote_average": 1,
              },
              Object {
                "backdrop_path": "path/to/image",
                "genre_ids": Array [
                  1,
                ],
                "id": 1,
                "overview": "overview",
                "poster_path": "path/to/image",
                "release_date": "01.01.2010",
                "title": "title",
                "vote_average": 1,
              },
              Object {
                "backdrop_path": "path/to/image",
                "genre_ids": Array [
                  1,
                ],
                "id": 1,
                "overview": "overview",
                "poster_path": "path/to/image",
                "release_date": "01.01.2010",
                "title": "title",
                "vote_average": 1,
              },
              Object {
                "backdrop_path": "path/to/image",
                "genre_ids": Array [
                  1,
                ],
                "id": 1,
                "overview": "overview",
                "poster_path": "path/to/image",
                "release_date": "01.01.2010",
                "title": "title",
                "vote_average": 1,
              },
            ],
          },
          "ref": null,
          "rendered": null,
          "type": [Function],
        },
        Object {
          "instance": null,
          "key": undefined,
          "nodeType": "host",
          "props": Object {
            "children": Array [
              <HomeList
                list={Array []}
                title="In Theatres"
              />,
              <HomeList
                list={Array []}
                title="Upcoming Movies"
              />,
            ],
            "className": "top-lists-wrapper",
          },
          "ref": null,
          "rendered": Array [
            Object {
              "instance": null,
              "key": undefined,
              "nodeType": "function",
              "props": Object {
                "list": Array [],
                "title": "In Theatres",
              },
              "ref": null,
              "rendered": null,
              "type": [Function],
            },
            Object {
              "instance": null,
              "key": undefined,
              "nodeType": "function",
              "props": Object {
                "list": Array [],
                "title": "Upcoming Movies",
              },
              "ref": null,
              "rendered": null,
              "type": [Function],
            },
          ],
          "type": "div",
        },
      ],
      "type": [Function],
    },
  ],
  Symbol(enzyme.__options__): Object {
    "adapter": ReactSixteenAdapter {
      "options": Object {
        "enableComponentDidUpdateOnSetState": true,
        "legacyContextMode": "parent",
        "lifecycles": Object {
          "componentDidUpdate": Object {
            "onSetState": true,
          },
          "getChildContext": Object {
            "calledByRenderer": false,
          },
          "getDerivedStateFromProps": true,
          "getSnapshotBeforeUpdate": true,
          "setState": Object {
            "skipsComponentDidUpdateOnNullish": true,
          },
        },
      },
    },
  },
}
`;

exports[`Templates/Home should render spinner when loading 1`] = `
ShallowWrapper {
  Symbol(enzyme.__root__): [Circular],
  Symbol(enzyme.__unrendered__): <Home
    nowPlayingLoading={false}
    nowplaying={Array []}
    popular={
      Array [
        Object {
          "backdrop_path": "path/to/image",
          "genre_ids": Array [
            1,
          ],
          "id": 1,
          "overview": "overview",
          "poster_path": "path/to/image",
          "release_date": "01.01.2010",
          "title": "title",
          "vote_average": 1,
        },
        Object {
          "backdrop_path": "path/to/image",
          "genre_ids": Array [
            1,
          ],
          "id": 1,
          "overview": "overview",
          "poster_path": "path/to/image",
          "release_date": "01.01.2010",
          "title": "title",
          "vote_average": 1,
        },
        Object {
          "backdrop_path": "path/to/image",
          "genre_ids": Array [
            1,
          ],
          "id": 1,
          "overview": "overview",
          "poster_path": "path/to/image",
          "release_date": "01.01.2010",
          "title": "title",
          "vote_average": 1,
        },
        Object {
          "backdrop_path": "path/to/image",
          "genre_ids": Array [
            1,
          ],
          "id": 1,
          "overview": "overview",
          "poster_path": "path/to/image",
          "release_date": "01.01.2010",
          "title": "title",
          "vote_average": 1,
        },
        Object {
          "backdrop_path": "path/to/image",
          "genre_ids": Array [
            1,
          ],
          "id": 1,
          "overview": "overview",
          "poster_path": "path/to/image",
          "release_date": "01.01.2010",
          "title": "title",
          "vote_average": 1,
        },
        Object {
          "backdrop_path": "path/to/image",
          "genre_ids": Array [
            1,
          ],
          "id": 1,
          "overview": "overview",
          "poster_path": "path/to/image",
          "release_date": "01.01.2010",
          "title": "title",
          "vote_average": 1,
        },
        Object {
          "backdrop_path": "path/to/image",
          "genre_ids": Array [
            1,
          ],
          "id": 1,
          "overview": "overview",
          "poster_path": "path/to/image",
          "release_date": "01.01.2010",
          "title": "title",
          "vote_average": 1,
        },
        Object {
          "backdrop_path": "path/to/image",
          "genre_ids": Array [
            2,
          ],
          "id": 1,
          "overview": "overview",
          "poster_path": "path/to/image",
          "release_date": "01.01.2010",
          "title": "title",
          "vote_average": 1,
        },
      ]
    }
    popularLoading={false}
    upcoming={Array []}
    upcomingLoading={false}
  />,
  Symbol(enzyme.__renderer__): Object {
    "batchedUpdates": [Function],
    "checkPropTypes": [Function],
    "getNode": [Function],
    "render": [Function],
    "simulateError": [Function],
    "simulateEvent": [Function],
    "unmount": [Function],
  },
  Symbol(enzyme.__node__): Object {
    "instance": null,
    "key": undefined,
    "nodeType": "class",
    "props": Object {
      "children": Array [
        <TopRatedMovies
          filterTopMovies={[Function]}
          topMovies={
            Array [
              Object {
                "backdrop_path": "path/to/image",
                "genre_ids": Array [
                  1,
                ],
                "id": 1,
                "overview": "overview",
                "poster_path": "path/to/image",
                "release_date": "01.01.2010",
                "title": "title",
                "vote_average": 1,
              },
              Object {
                "backdrop_path": "path/to/image",
                "genre_ids": Array [
                  1,
                ],
                "id": 1,
                "overview": "overview",
                "poster_path": "path/to/image",
                "release_date": "01.01.2010",
                "title": "title",
                "vote_average": 1,
              },
              Object {
                "backdrop_path": "path/to/image",
                "genre_ids": Array [
                  1,
                ],
                "id": 1,
                "overview": "overview",
                "poster_path": "path/to/image",
                "release_date": "01.01.2010",
                "title": "title",
                "vote_average": 1,
              },
              Object {
                "backdrop_path": "path/to/image",
                "genre_ids": Array [
                  1,
                ],
                "id": 1,
                "overview": "overview",
                "poster_path": "path/to/image",
                "release_date": "01.01.2010",
                "title": "title",
                "vote_average": 1,
              },
              Object {
                "backdrop_path": "path/to/image",
                "genre_ids": Array [
                  1,
                ],
                "id": 1,
                "overview": "overview",
                "poster_path": "path/to/image",
                "release_date": "01.01.2010",
                "title": "title",
                "vote_average": 1,
              },
            ]
          }
        />,
        <div
          className="top-lists-wrapper"
        >
          <HomeList
            list={Array []}
            title="In Theatres"
          />
          <HomeList
            list={Array []}
            title="Upcoming Movies"
          />
        </div>,
      ],
    },
    "ref": null,
    "rendered": Array [
      Object {
        "instance": null,
        "key": undefined,
        "nodeType": "class",
        "props": Object {
          "filterTopMovies": [Function],
          "topMovies": Array [
            Object {
              "backdrop_path": "path/to/image",
              "genre_ids": Array [
                1,
              ],
              "id": 1,
              "overview": "overview",
              "poster_path": "path/to/image",
              "release_date": "01.01.2010",
              "title": "title",
              "vote_average": 1,
            },
            Object {
              "backdrop_path": "path/to/image",
              "genre_ids": Array [
                1,
              ],
              "id": 1,
              "overview": "overview",
              "poster_path": "path/to/image",
              "release_date": "01.01.2010",
              "title": "title",
              "vote_average": 1,
            },
            Object {
              "backdrop_path": "path/to/image",
              "genre_ids": Array [
                1,
              ],
              "id": 1,
              "overview": "overview",
              "poster_path": "path/to/image",
              "release_date": "01.01.2010",
              "title": "title",
              "vote_average": 1,
            },
            Object {
              "backdrop_path": "path/to/image",
              "genre_ids": Array [
                1,
              ],
              "id": 1,
              "overview": "overview",
              "poster_path": "path/to/image",
              "release_date": "01.01.2010",
              "title": "title",
              "vote_average": 1,
            },
            Object {
              "backdrop_path": "path/to/image",
              "genre_ids": Array [
                1,
              ],
              "id": 1,
              "overview": "overview",
              "poster_path": "path/to/image",
              "release_date": "01.01.2010",
              "title": "title",
              "vote_average": 1,
            },
          ],
        },
        "ref": null,
        "rendered": null,
        "type": [Function],
      },
      Object {
        "instance": null,
        "key": undefined,
        "nodeType": "host",
        "props": Object {
          "children": Array [
            <HomeList
              list={Array []}
              title="In Theatres"
            />,
            <HomeList
              list={Array []}
              title="Upcoming Movies"
            />,
          ],
          "className": "top-lists-wrapper",
        },
        "ref": null,
        "rendered": Array [
          Object {
            "instance": null,
            "key": undefined,
            "nodeType": "function",
            "props": Object {
              "list": Array [],
              "title": "In Theatres",
            },
            "ref": null,
            "rendered": null,
            "type": [Function],
          },
          Object {
            "instance": null,
            "key": undefined,
            "nodeType": "function",
            "props": Object {
              "list": Array [],
              "title": "Upcoming Movies",
            },
            "ref": null,
            "rendered": null,
            "type": [Function],
          },
        ],
        "type": "div",
      },
    ],
    "type": [Function],
  },
  Symbol(enzyme.__nodes__): Array [
    Object {
      "instance": null,
      "key": undefined,
      "nodeType": "class",
      "props": Object {
        "children": Array [
          <TopRatedMovies
            filterTopMovies={[Function]}
            topMovies={
              Array [
                Object {
                  "backdrop_path": "path/to/image",
                  "genre_ids": Array [
                    1,
                  ],
                  "id": 1,
                  "overview": "overview",
                  "poster_path": "path/to/image",
                  "release_date": "01.01.2010",
                  "title": "title",
                  "vote_average": 1,
                },
                Object {
                  "backdrop_path": "path/to/image",
                  "genre_ids": Array [
                    1,
                  ],
                  "id": 1,
                  "overview": "overview",
                  "poster_path": "path/to/image",
                  "release_date": "01.01.2010",
                  "title": "title",
                  "vote_average": 1,
                },
                Object {
                  "backdrop_path": "path/to/image",
                  "genre_ids": Array [
                    1,
                  ],
                  "id": 1,
                  "overview": "overview",
                  "poster_path": "path/to/image",
                  "release_date": "01.01.2010",
                  "title": "title",
                  "vote_average": 1,
                },
                Object {
                  "backdrop_path": "path/to/image",
                  "genre_ids": Array [
                    1,
                  ],
                  "id": 1,
                  "overview": "overview",
                  "poster_path": "path/to/image",
                  "release_date": "01.01.2010",
                  "title": "title",
                  "vote_average": 1,
                },
                Object {
                  "backdrop_path": "path/to/image",
                  "genre_ids": Array [
                    1,
                  ],
                  "id": 1,
                  "overview": "overview",
                  "poster_path": "path/to/image",
                  "release_date": "01.01.2010",
                  "title": "title",
                  "vote_average": 1,
                },
              ]
            }
          />,
          <div
            className="top-lists-wrapper"
          >
            <HomeList
              list={Array []}
              title="In Theatres"
            />
            <HomeList
              list={Array []}
              title="Upcoming Movies"
            />
          </div>,
        ],
      },
      "ref": null,
      "rendered": Array [
        Object {
          "instance": null,
          "key": undefined,
          "nodeType": "class",
          "props": Object {
            "filterTopMovies": [Function],
            "topMovies": Array [
              Object {
                "backdrop_path": "path/to/image",
                "genre_ids": Array [
                  1,
                ],
                "id": 1,
                "overview": "overview",
                "poster_path": "path/to/image",
                "release_date": "01.01.2010",
                "title": "title",
                "vote_average": 1,
              },
              Object {
                "backdrop_path": "path/to/image",
                "genre_ids": Array [
                  1,
                ],
                "id": 1,
                "overview": "overview",
                "poster_path": "path/to/image",
                "release_date": "01.01.2010",
                "title": "title",
                "vote_average": 1,
              },
              Object {
                "backdrop_path": "path/to/image",
                "genre_ids": Array [
                  1,
                ],
                "id": 1,
                "overview": "overview",
                "poster_path": "path/to/image",
                "release_date": "01.01.2010",
                "title": "title",
                "vote_average": 1,
              },
              Object {
                "backdrop_path": "path/to/image",
                "genre_ids": Array [
                  1,
                ],
                "id": 1,
                "overview": "overview",
                "poster_path": "path/to/image",
                "release_date": "01.01.2010",
                "title": "title",
                "vote_average": 1,
              },
              Object {
                "backdrop_path": "path/to/image",
                "genre_ids": Array [
                  1,
                ],
                "id": 1,
                "overview": "overview",
                "poster_path": "path/to/image",
                "release_date": "01.01.2010",
                "title": "title",
                "vote_average": 1,
              },
            ],
          },
          "ref": null,
          "rendered": null,
          "type": [Function],
        },
        Object {
          "instance": null,
          "key": undefined,
          "nodeType": "host",
          "props": Object {
            "children": Array [
              <HomeList
                list={Array []}
                title="In Theatres"
              />,
              <HomeList
                list={Array []}
                title="Upcoming Movies"
              />,
            ],
            "className": "top-lists-wrapper",
          },
          "ref": null,
          "rendered": Array [
            Object {
              "instance": null,
              "key": undefined,
              "nodeType": "function",
              "props": Object {
                "list": Array [],
                "title": "In Theatres",
              },
              "ref": null,
              "rendered": null,
              "type": [Function],
            },
            Object {
              "instance": null,
              "key": undefined,
              "nodeType": "function",
              "props": Object {
                "list": Array [],
                "title": "Upcoming Movies",
              },
              "ref": null,
              "rendered": null,
              "type": [Function],
            },
          ],
          "type": "div",
        },
      ],
      "type": [Function],
    },
  ],
  Symbol(enzyme.__options__): Object {
    "adapter": ReactSixteenAdapter {
      "options": Object {
        "enableComponentDidUpdateOnSetState": true,
        "legacyContextMode": "parent",
        "lifecycles": Object {
          "componentDidUpdate": Object {
            "onSetState": true,
          },
          "getChildContext": Object {
            "calledByRenderer": false,
          },
          "getDerivedStateFromProps": true,
          "getSnapshotBeforeUpdate": true,
          "setState": Object {
            "skipsComponentDidUpdateOnNullish": true,
          },
        },
      },
    },
  },
}
`;
