// Jest Snapshot v1, https://goo.gl/fbAQLP

exports[`Atoms/HomeList should render as expected 1`] = `
ShallowWrapper {
  Symbol(enzyme.__root__): [Circular],
  Symbol(enzyme.__unrendered__): <HomeList
    list={
      Array [
        Object {
          "genre_names": Object {
            "genre_name": Array [
              "genre",
            ],
          },
          "id": 1,
          "poster_path": "path/to/poster",
          "title": "title",
          "vote_average": "1",
        },
      ]
    }
    title="title"
  />,
  Symbol(enzyme.__renderer__): Object {
    "batchedUpdates": [Function],
    "checkPropTypes": [Function],
    "getNode": [Function],
    "render": [Function],
    "simulateError": [Function],
    "simulateEvent": [Function],
    "unmount": [Function],
  },
  Symbol(enzyme.__node__): Object {
    "instance": null,
    "key": undefined,
    "nodeType": "host",
    "props": Object {
      "children": Array [
        <div
          className="home-list__title"
        >
          title
        </div>,
        <ul
          className="home-list__list"
        >
          <li
            className="home-list__list-element"
          >
            <Link
              replace={false}
              to="/movie/1"
            >
              <Apollo(MediaImage)
                filePath="path/to/poster"
                mediaType="poster"
                name="title"
                size={0}
              />
              <div
                className="list-data"
              >
                <div
                  className="list-data__title"
                >
                  title (1)
                </div>
                <div
                  className="list-data__genres"
                >
                  genre, 
                </div>
              </div>
            </Link>
          </li>
        </ul>,
      ],
      "className": "home-list",
    },
    "ref": null,
    "rendered": Array [
      Object {
        "instance": null,
        "key": undefined,
        "nodeType": "host",
        "props": Object {
          "children": "title",
          "className": "home-list__title",
        },
        "ref": null,
        "rendered": "title",
        "type": "div",
      },
      Object {
        "instance": null,
        "key": undefined,
        "nodeType": "host",
        "props": Object {
          "children": Array [
            <li
              className="home-list__list-element"
            >
              <Link
                replace={false}
                to="/movie/1"
              >
                <Apollo(MediaImage)
                  filePath="path/to/poster"
                  mediaType="poster"
                  name="title"
                  size={0}
                />
                <div
                  className="list-data"
                >
                  <div
                    className="list-data__title"
                  >
                    title (1)
                  </div>
                  <div
                    className="list-data__genres"
                  >
                    genre, 
                  </div>
                </div>
              </Link>
            </li>,
          ],
          "className": "home-list__list",
        },
        "ref": null,
        "rendered": Array [
          Object {
            "instance": null,
            "key": "1",
            "nodeType": "host",
            "props": Object {
              "children": <Link
                replace={false}
                to="/movie/1"
              >
                <Apollo(MediaImage)
                  filePath="path/to/poster"
                  mediaType="poster"
                  name="title"
                  size={0}
                />
                <div
                  className="list-data"
                >
                  <div
                    className="list-data__title"
                  >
                    title (1)
                  </div>
                  <div
                    className="list-data__genres"
                  >
                    genre, 
                  </div>
                </div>
              </Link>,
              "className": "home-list__list-element",
            },
            "ref": null,
            "rendered": Object {
              "instance": null,
              "key": undefined,
              "nodeType": "class",
              "props": Object {
                "children": Array [
                  <Apollo(MediaImage)
                    filePath="path/to/poster"
                    mediaType="poster"
                    name="title"
                    size={0}
                  />,
                  <div
                    className="list-data"
                  >
                    <div
                      className="list-data__title"
                    >
                      title (1)
                    </div>
                    <div
                      className="list-data__genres"
                    >
                      genre, 
                    </div>
                  </div>,
                ],
                "replace": false,
                "to": "/movie/1",
              },
              "ref": null,
              "rendered": Array [
                Object {
                  "instance": null,
                  "key": undefined,
                  "nodeType": "class",
                  "props": Object {
                    "filePath": "path/to/poster",
                    "mediaType": "poster",
                    "name": "title",
                    "size": 0,
                  },
                  "ref": null,
                  "rendered": null,
                  "type": [Function],
                },
                Object {
                  "instance": null,
                  "key": undefined,
                  "nodeType": "host",
                  "props": Object {
                    "children": Array [
                      <div
                        className="list-data__title"
                      >
                        title (1)
                      </div>,
                      <div
                        className="list-data__genres"
                      >
                        genre, 
                      </div>,
                    ],
                    "className": "list-data",
                  },
                  "ref": null,
                  "rendered": Array [
                    Object {
                      "instance": null,
                      "key": undefined,
                      "nodeType": "host",
                      "props": Object {
                        "children": "title (1)",
                        "className": "list-data__title",
                      },
                      "ref": null,
                      "rendered": "title (1)",
                      "type": "div",
                    },
                    Object {
                      "instance": null,
                      "key": undefined,
                      "nodeType": "host",
                      "props": Object {
                        "children": Array [
                          "genre, ",
                        ],
                        "className": "list-data__genres",
                      },
                      "ref": null,
                      "rendered": Array [
                        "genre, ",
                      ],
                      "type": "div",
                    },
                  ],
                  "type": "div",
                },
              ],
              "type": [Function],
            },
            "type": "li",
          },
        ],
        "type": "ul",
      },
    ],
    "type": "div",
  },
  Symbol(enzyme.__nodes__): Array [
    Object {
      "instance": null,
      "key": undefined,
      "nodeType": "host",
      "props": Object {
        "children": Array [
          <div
            className="home-list__title"
          >
            title
          </div>,
          <ul
            className="home-list__list"
          >
            <li
              className="home-list__list-element"
            >
              <Link
                replace={false}
                to="/movie/1"
              >
                <Apollo(MediaImage)
                  filePath="path/to/poster"
                  mediaType="poster"
                  name="title"
                  size={0}
                />
                <div
                  className="list-data"
                >
                  <div
                    className="list-data__title"
                  >
                    title (1)
                  </div>
                  <div
                    className="list-data__genres"
                  >
                    genre, 
                  </div>
                </div>
              </Link>
            </li>
          </ul>,
        ],
        "className": "home-list",
      },
      "ref": null,
      "rendered": Array [
        Object {
          "instance": null,
          "key": undefined,
          "nodeType": "host",
          "props": Object {
            "children": "title",
            "className": "home-list__title",
          },
          "ref": null,
          "rendered": "title",
          "type": "div",
        },
        Object {
          "instance": null,
          "key": undefined,
          "nodeType": "host",
          "props": Object {
            "children": Array [
              <li
                className="home-list__list-element"
              >
                <Link
                  replace={false}
                  to="/movie/1"
                >
                  <Apollo(MediaImage)
                    filePath="path/to/poster"
                    mediaType="poster"
                    name="title"
                    size={0}
                  />
                  <div
                    className="list-data"
                  >
                    <div
                      className="list-data__title"
                    >
                      title (1)
                    </div>
                    <div
                      className="list-data__genres"
                    >
                      genre, 
                    </div>
                  </div>
                </Link>
              </li>,
            ],
            "className": "home-list__list",
          },
          "ref": null,
          "rendered": Array [
            Object {
              "instance": null,
              "key": "1",
              "nodeType": "host",
              "props": Object {
                "children": <Link
                  replace={false}
                  to="/movie/1"
                >
                  <Apollo(MediaImage)
                    filePath="path/to/poster"
                    mediaType="poster"
                    name="title"
                    size={0}
                  />
                  <div
                    className="list-data"
                  >
                    <div
                      className="list-data__title"
                    >
                      title (1)
                    </div>
                    <div
                      className="list-data__genres"
                    >
                      genre, 
                    </div>
                  </div>
                </Link>,
                "className": "home-list__list-element",
              },
              "ref": null,
              "rendered": Object {
                "instance": null,
                "key": undefined,
                "nodeType": "class",
                "props": Object {
                  "children": Array [
                    <Apollo(MediaImage)
                      filePath="path/to/poster"
                      mediaType="poster"
                      name="title"
                      size={0}
                    />,
                    <div
                      className="list-data"
                    >
                      <div
                        className="list-data__title"
                      >
                        title (1)
                      </div>
                      <div
                        className="list-data__genres"
                      >
                        genre, 
                      </div>
                    </div>,
                  ],
                  "replace": false,
                  "to": "/movie/1",
                },
                "ref": null,
                "rendered": Array [
                  Object {
                    "instance": null,
                    "key": undefined,
                    "nodeType": "class",
                    "props": Object {
                      "filePath": "path/to/poster",
                      "mediaType": "poster",
                      "name": "title",
                      "size": 0,
                    },
                    "ref": null,
                    "rendered": null,
                    "type": [Function],
                  },
                  Object {
                    "instance": null,
                    "key": undefined,
                    "nodeType": "host",
                    "props": Object {
                      "children": Array [
                        <div
                          className="list-data__title"
                        >
                          title (1)
                        </div>,
                        <div
                          className="list-data__genres"
                        >
                          genre, 
                        </div>,
                      ],
                      "className": "list-data",
                    },
                    "ref": null,
                    "rendered": Array [
                      Object {
                        "instance": null,
                        "key": undefined,
                        "nodeType": "host",
                        "props": Object {
                          "children": "title (1)",
                          "className": "list-data__title",
                        },
                        "ref": null,
                        "rendered": "title (1)",
                        "type": "div",
                      },
                      Object {
                        "instance": null,
                        "key": undefined,
                        "nodeType": "host",
                        "props": Object {
                          "children": Array [
                            "genre, ",
                          ],
                          "className": "list-data__genres",
                        },
                        "ref": null,
                        "rendered": Array [
                          "genre, ",
                        ],
                        "type": "div",
                      },
                    ],
                    "type": "div",
                  },
                ],
                "type": [Function],
              },
              "type": "li",
            },
          ],
          "type": "ul",
        },
      ],
      "type": "div",
    },
  ],
  Symbol(enzyme.__options__): Object {
    "adapter": ReactSixteenAdapter {
      "options": Object {
        "enableComponentDidUpdateOnSetState": true,
        "legacyContextMode": "parent",
        "lifecycles": Object {
          "componentDidUpdate": Object {
            "onSetState": true,
          },
          "getChildContext": Object {
            "calledByRenderer": false,
          },
          "getDerivedStateFromProps": true,
          "getSnapshotBeforeUpdate": true,
          "setState": Object {
            "skipsComponentDidUpdateOnNullish": true,
          },
        },
      },
    },
  },
}
`;
