// Jest Snapshot v1, https://goo.gl/fbAQLP

exports[`Molecules/Reviews should render as expected 1`] = `
ShallowWrapper {
  Symbol(enzyme.__root__): [Circular],
  Symbol(enzyme.__unrendered__): <Reviews
    reviews={
      Array [
        Object {
          "author": "Author",
          "content": "content",
          "id": 1,
        },
      ]
    }
  />,
  Symbol(enzyme.__renderer__): Object {
    "batchedUpdates": [Function],
    "checkPropTypes": [Function],
    "getNode": [Function],
    "render": [Function],
    "simulateError": [Function],
    "simulateEvent": [Function],
    "unmount": [Function],
  },
  Symbol(enzyme.__node__): Object {
    "instance": null,
    "key": undefined,
    "nodeType": "host",
    "props": Object {
      "children": Array [
        <h4>
          Reviews
        </h4>,
        <div
          className="reviews-wrapper"
        >
          <Review
            review={
              Object {
                "author": "Author",
                "content": "content",
                "id": 1,
              }
            }
          />
        </div>,
      ],
      "className": "reviews",
    },
    "ref": null,
    "rendered": Array [
      Object {
        "instance": null,
        "key": undefined,
        "nodeType": "host",
        "props": Object {
          "children": "Reviews",
        },
        "ref": null,
        "rendered": "Reviews",
        "type": "h4",
      },
      Object {
        "instance": null,
        "key": undefined,
        "nodeType": "host",
        "props": Object {
          "children": Array [
            <Review
              review={
                Object {
                  "author": "Author",
                  "content": "content",
                  "id": 1,
                }
              }
            />,
          ],
          "className": "reviews-wrapper",
        },
        "ref": null,
        "rendered": Array [
          Object {
            "instance": null,
            "key": "1",
            "nodeType": "function",
            "props": Object {
              "review": Object {
                "author": "Author",
                "content": "content",
                "id": 1,
              },
            },
            "ref": null,
            "rendered": null,
            "type": [Function],
          },
        ],
        "type": "div",
      },
    ],
    "type": "div",
  },
  Symbol(enzyme.__nodes__): Array [
    Object {
      "instance": null,
      "key": undefined,
      "nodeType": "host",
      "props": Object {
        "children": Array [
          <h4>
            Reviews
          </h4>,
          <div
            className="reviews-wrapper"
          >
            <Review
              review={
                Object {
                  "author": "Author",
                  "content": "content",
                  "id": 1,
                }
              }
            />
          </div>,
        ],
        "className": "reviews",
      },
      "ref": null,
      "rendered": Array [
        Object {
          "instance": null,
          "key": undefined,
          "nodeType": "host",
          "props": Object {
            "children": "Reviews",
          },
          "ref": null,
          "rendered": "Reviews",
          "type": "h4",
        },
        Object {
          "instance": null,
          "key": undefined,
          "nodeType": "host",
          "props": Object {
            "children": Array [
              <Review
                review={
                  Object {
                    "author": "Author",
                    "content": "content",
                    "id": 1,
                  }
                }
              />,
            ],
            "className": "reviews-wrapper",
          },
          "ref": null,
          "rendered": Array [
            Object {
              "instance": null,
              "key": "1",
              "nodeType": "function",
              "props": Object {
                "review": Object {
                  "author": "Author",
                  "content": "content",
                  "id": 1,
                },
              },
              "ref": null,
              "rendered": null,
              "type": [Function],
            },
          ],
          "type": "div",
        },
      ],
      "type": "div",
    },
  ],
  Symbol(enzyme.__options__): Object {
    "adapter": ReactSixteenAdapter {
      "options": Object {
        "enableComponentDidUpdateOnSetState": true,
        "legacyContextMode": "parent",
        "lifecycles": Object {
          "componentDidUpdate": Object {
            "onSetState": true,
          },
          "getChildContext": Object {
            "calledByRenderer": false,
          },
          "getDerivedStateFromProps": true,
          "getSnapshotBeforeUpdate": true,
          "setState": Object {
            "skipsComponentDidUpdateOnNullish": true,
          },
        },
      },
    },
  },
}
`;
