// Jest Snapshot v1, https://goo.gl/fbAQLP

exports[`Atoms/FullScreenBackdrop should render as expected 1`] = `
ShallowWrapper {
  Symbol(enzyme.__root__): [Circular],
  Symbol(enzyme.__unrendered__): <FullScreenBackdrop
    backdrops={
      Array [
        Object {
          "backdrop": "path/to/image",
        },
      ]
    }
  />,
  Symbol(enzyme.__renderer__): Object {
    "batchedUpdates": [Function],
    "checkPropTypes": [Function],
    "getNode": [Function],
    "render": [Function],
    "simulateError": [Function],
    "simulateEvent": [Function],
    "unmount": [Function],
  },
  Symbol(enzyme.__node__): Object {
    "instance": null,
    "key": undefined,
    "nodeType": "host",
    "props": Object {
      "children": <Slider
        adaptiveHeight={true}
        arrows={false}
        autoplay={true}
        autoplaySpeed={5000}
        dots={false}
        fade={true}
        pauseOnHover={false}
        speed={1000}
      >
        <div
          className="fullscreen-backdrop-slide"
          style={
            Object {
              "backgroundImage": "url([object Object])",
              "height": 768,
            }
          }
        />
      </Slider>,
    },
    "ref": null,
    "rendered": Object {
      "instance": null,
      "key": undefined,
      "nodeType": "class",
      "props": Object {
        "adaptiveHeight": true,
        "arrows": false,
        "autoplay": true,
        "autoplaySpeed": 5000,
        "children": Array [
          <div
            className="fullscreen-backdrop-slide"
            style={
              Object {
                "backgroundImage": "url([object Object])",
                "height": 768,
              }
            }
          />,
        ],
        "dots": false,
        "fade": true,
        "pauseOnHover": false,
        "speed": 1000,
      },
      "ref": null,
      "rendered": Array [
        Object {
          "instance": null,
          "key": "[object Object]",
          "nodeType": "host",
          "props": Object {
            "className": "fullscreen-backdrop-slide",
            "style": Object {
              "backgroundImage": "url([object Object])",
              "height": 768,
            },
          },
          "ref": null,
          "rendered": null,
          "type": "div",
        },
      ],
      "type": [Function],
    },
    "type": "div",
  },
  Symbol(enzyme.__nodes__): Array [
    Object {
      "instance": null,
      "key": undefined,
      "nodeType": "host",
      "props": Object {
        "children": <Slider
          adaptiveHeight={true}
          arrows={false}
          autoplay={true}
          autoplaySpeed={5000}
          dots={false}
          fade={true}
          pauseOnHover={false}
          speed={1000}
        >
          <div
            className="fullscreen-backdrop-slide"
            style={
              Object {
                "backgroundImage": "url([object Object])",
                "height": 768,
              }
            }
          />
        </Slider>,
      },
      "ref": null,
      "rendered": Object {
        "instance": null,
        "key": undefined,
        "nodeType": "class",
        "props": Object {
          "adaptiveHeight": true,
          "arrows": false,
          "autoplay": true,
          "autoplaySpeed": 5000,
          "children": Array [
            <div
              className="fullscreen-backdrop-slide"
              style={
                Object {
                  "backgroundImage": "url([object Object])",
                  "height": 768,
                }
              }
            />,
          ],
          "dots": false,
          "fade": true,
          "pauseOnHover": false,
          "speed": 1000,
        },
        "ref": null,
        "rendered": Array [
          Object {
            "instance": null,
            "key": "[object Object]",
            "nodeType": "host",
            "props": Object {
              "className": "fullscreen-backdrop-slide",
              "style": Object {
                "backgroundImage": "url([object Object])",
                "height": 768,
              },
            },
            "ref": null,
            "rendered": null,
            "type": "div",
          },
        ],
        "type": [Function],
      },
      "type": "div",
    },
  ],
  Symbol(enzyme.__options__): Object {
    "adapter": ReactSixteenAdapter {
      "options": Object {
        "enableComponentDidUpdateOnSetState": true,
        "legacyContextMode": "parent",
        "lifecycles": Object {
          "componentDidUpdate": Object {
            "onSetState": true,
          },
          "getChildContext": Object {
            "calledByRenderer": false,
          },
          "getDerivedStateFromProps": true,
          "getSnapshotBeforeUpdate": true,
          "setState": Object {
            "skipsComponentDidUpdateOnNullish": true,
          },
        },
      },
    },
  },
}
`;
