// Jest Snapshot v1, https://goo.gl/fbAQLP

exports[`Molecules/Episode should render as expected 1`] = `
ShallowWrapper {
  Symbol(enzyme.__root__): [Circular],
  Symbol(enzyme.__unrendered__): <Episode
    episode={
      Object {
        "air_date": "10.10.2010",
        "episode_number": 3,
        "name": "name",
        "overview": "overview",
        "still_path": "path/to/image",
      }
    }
  />,
  Symbol(enzyme.__renderer__): Object {
    "batchedUpdates": [Function],
    "checkPropTypes": [Function],
    "getNode": [Function],
    "render": [Function],
    "simulateError": [Function],
    "simulateEvent": [Function],
    "unmount": [Function],
  },
  Symbol(enzyme.__node__): Object {
    "instance": null,
    "key": undefined,
    "nodeType": "class",
    "props": Object {
      "children": <div
        className="episode"
      >
        <picture
          className="episode-poster"
        >
          <MediaImage
            filePath="path/to/image"
            mediaType="still"
            name="name"
            size={3}
          />
        </picture>
        <div
          className="episode-details"
        >
          <h3>
            name
          </h3>
          <h5>
            <FormattedDate
              day="2-digit"
              month="long"
              value="10.10.2010"
              year="numeric"
            />
             | episode 3
          </h5>
          <div>
            overview
          </div>
        </div>
      </div>,
      "locale": "en-US",
    },
    "ref": null,
    "rendered": Object {
      "instance": null,
      "key": undefined,
      "nodeType": "host",
      "props": Object {
        "children": Array [
          <picture
            className="episode-poster"
          >
            <MediaImage
              filePath="path/to/image"
              mediaType="still"
              name="name"
              size={3}
            />
          </picture>,
          <div
            className="episode-details"
          >
            <h3>
              name
            </h3>
            <h5>
              <FormattedDate
                day="2-digit"
                month="long"
                value="10.10.2010"
                year="numeric"
              />
               | episode 3
            </h5>
            <div>
              overview
            </div>
          </div>,
        ],
        "className": "episode",
      },
      "ref": null,
      "rendered": Array [
        Object {
          "instance": null,
          "key": undefined,
          "nodeType": "host",
          "props": Object {
            "children": <MediaImage
              filePath="path/to/image"
              mediaType="still"
              name="name"
              size={3}
            />,
            "className": "episode-poster",
          },
          "ref": null,
          "rendered": Object {
            "instance": null,
            "key": undefined,
            "nodeType": "function",
            "props": Object {
              "filePath": "path/to/image",
              "mediaType": "still",
              "name": "name",
              "size": 3,
            },
            "ref": null,
            "rendered": null,
            "type": [Function],
          },
          "type": "picture",
        },
        Object {
          "instance": null,
          "key": undefined,
          "nodeType": "host",
          "props": Object {
            "children": Array [
              <h3>
                name
              </h3>,
              <h5>
                <FormattedDate
                  day="2-digit"
                  month="long"
                  value="10.10.2010"
                  year="numeric"
                />
                 | episode 3
              </h5>,
              <div>
                overview
              </div>,
            ],
            "className": "episode-details",
          },
          "ref": null,
          "rendered": Array [
            Object {
              "instance": null,
              "key": undefined,
              "nodeType": "host",
              "props": Object {
                "children": "name",
              },
              "ref": null,
              "rendered": "name",
              "type": "h3",
            },
            Object {
              "instance": null,
              "key": undefined,
              "nodeType": "host",
              "props": Object {
                "children": Array [
                  <FormattedDate
                    day="2-digit"
                    month="long"
                    value="10.10.2010"
                    year="numeric"
                  />,
                  " | episode 3",
                ],
              },
              "ref": null,
              "rendered": Array [
                Object {
                  "instance": null,
                  "key": undefined,
                  "nodeType": "class",
                  "props": Object {
                    "day": "2-digit",
                    "month": "long",
                    "value": "10.10.2010",
                    "year": "numeric",
                  },
                  "ref": null,
                  "rendered": null,
                  "type": [Function],
                },
                " | episode 3",
              ],
              "type": "h5",
            },
            Object {
              "instance": null,
              "key": undefined,
              "nodeType": "host",
              "props": Object {
                "children": "overview",
              },
              "ref": null,
              "rendered": "overview",
              "type": "div",
            },
          ],
          "type": "div",
        },
      ],
      "type": "div",
    },
    "type": [Function],
  },
  Symbol(enzyme.__nodes__): Array [
    Object {
      "instance": null,
      "key": undefined,
      "nodeType": "class",
      "props": Object {
        "children": <div
          className="episode"
        >
          <picture
            className="episode-poster"
          >
            <MediaImage
              filePath="path/to/image"
              mediaType="still"
              name="name"
              size={3}
            />
          </picture>
          <div
            className="episode-details"
          >
            <h3>
              name
            </h3>
            <h5>
              <FormattedDate
                day="2-digit"
                month="long"
                value="10.10.2010"
                year="numeric"
              />
               | episode 3
            </h5>
            <div>
              overview
            </div>
          </div>
        </div>,
        "locale": "en-US",
      },
      "ref": null,
      "rendered": Object {
        "instance": null,
        "key": undefined,
        "nodeType": "host",
        "props": Object {
          "children": Array [
            <picture
              className="episode-poster"
            >
              <MediaImage
                filePath="path/to/image"
                mediaType="still"
                name="name"
                size={3}
              />
            </picture>,
            <div
              className="episode-details"
            >
              <h3>
                name
              </h3>
              <h5>
                <FormattedDate
                  day="2-digit"
                  month="long"
                  value="10.10.2010"
                  year="numeric"
                />
                 | episode 3
              </h5>
              <div>
                overview
              </div>
            </div>,
          ],
          "className": "episode",
        },
        "ref": null,
        "rendered": Array [
          Object {
            "instance": null,
            "key": undefined,
            "nodeType": "host",
            "props": Object {
              "children": <MediaImage
                filePath="path/to/image"
                mediaType="still"
                name="name"
                size={3}
              />,
              "className": "episode-poster",
            },
            "ref": null,
            "rendered": Object {
              "instance": null,
              "key": undefined,
              "nodeType": "function",
              "props": Object {
                "filePath": "path/to/image",
                "mediaType": "still",
                "name": "name",
                "size": 3,
              },
              "ref": null,
              "rendered": null,
              "type": [Function],
            },
            "type": "picture",
          },
          Object {
            "instance": null,
            "key": undefined,
            "nodeType": "host",
            "props": Object {
              "children": Array [
                <h3>
                  name
                </h3>,
                <h5>
                  <FormattedDate
                    day="2-digit"
                    month="long"
                    value="10.10.2010"
                    year="numeric"
                  />
                   | episode 3
                </h5>,
                <div>
                  overview
                </div>,
              ],
              "className": "episode-details",
            },
            "ref": null,
            "rendered": Array [
              Object {
                "instance": null,
                "key": undefined,
                "nodeType": "host",
                "props": Object {
                  "children": "name",
                },
                "ref": null,
                "rendered": "name",
                "type": "h3",
              },
              Object {
                "instance": null,
                "key": undefined,
                "nodeType": "host",
                "props": Object {
                  "children": Array [
                    <FormattedDate
                      day="2-digit"
                      month="long"
                      value="10.10.2010"
                      year="numeric"
                    />,
                    " | episode 3",
                  ],
                },
                "ref": null,
                "rendered": Array [
                  Object {
                    "instance": null,
                    "key": undefined,
                    "nodeType": "class",
                    "props": Object {
                      "day": "2-digit",
                      "month": "long",
                      "value": "10.10.2010",
                      "year": "numeric",
                    },
                    "ref": null,
                    "rendered": null,
                    "type": [Function],
                  },
                  " | episode 3",
                ],
                "type": "h5",
              },
              Object {
                "instance": null,
                "key": undefined,
                "nodeType": "host",
                "props": Object {
                  "children": "overview",
                },
                "ref": null,
                "rendered": "overview",
                "type": "div",
              },
            ],
            "type": "div",
          },
        ],
        "type": "div",
      },
      "type": [Function],
    },
  ],
  Symbol(enzyme.__options__): Object {
    "adapter": ReactSixteenAdapter {
      "options": Object {
        "enableComponentDidUpdateOnSetState": true,
        "legacyContextMode": "parent",
        "lifecycles": Object {
          "componentDidUpdate": Object {
            "onSetState": true,
          },
          "getChildContext": Object {
            "calledByRenderer": false,
          },
          "getDerivedStateFromProps": true,
          "getSnapshotBeforeUpdate": true,
          "setState": Object {
            "skipsComponentDidUpdateOnNullish": true,
          },
        },
      },
    },
  },
}
`;
